// Jest Snapshot v1, https://goo.gl/fbAQLP

exports[`src/index.js AppContainer should match snapshot 1`] = `
<div>
  AppContainer
</div>
`;
